2026-07-26 17:04:32,644 | INFO    | 00_download_data:56 | ==============================================================================
2026-07-26 17:04:32,645 | INFO    | 00_download_data:57 |         PHASE 00_download_data: Download data and build the raw census        
2026-07-26 17:04:32,646 | INFO    | 00_download_data:58 | ==============================================================================
2026-07-26 17:04:32,647 | INFO    | 00_download_data:78 | Experiment : baseline_full
2026-07-26 17:04:32,648 | INFO    | 00_download_data:79 | Config     : /workspace/apr-heart-sounds/configs/config.yaml  (hash abcfe9c4)
2026-07-26 17:04:34,450 | INFO    | 00_download_data:82 | Seed       : 42 (torch=True, cuda=True)
2026-07-26 17:04:34,451 | INFO    | 00_download_data:86 | Shapes     : {'segment_samples': 6000, 'n_frames': 188, 'mfcc_dim': 234, 'logmel_shape': [32, 188], 'pwp_n_bands': 12, 'pwp_dim': 84, 'fft_bin_width_hz': 7.8125, 'usable_fft_bins_in_band': 49, 'wp_subband_width_hz': 15.625}
2026-07-26 17:04:34,451 | INFO    | 00_download_data:44 | Downloading into /workspace/apr-heart-sounds/data/raw/physionet2016 ...
2026-07-26 17:31:30,791 | INFO    | 00_download_data:49 |   training-d: downloaded
2026-07-26 17:31:30,792 | INFO    | 00_download_data:49 |   training-c: downloaded
2026-07-26 17:31:30,793 | INFO    | 00_download_data:49 |   training-f: downloaded
2026-07-26 17:31:30,794 | INFO    | 00_download_data:49 |   training-b: downloaded
2026-07-26 17:31:30,794 | INFO    | 00_download_data:49 |   training-a: downloaded
2026-07-26 17:31:30,795 | INFO    | 00_download_data:49 |   training-e: downloaded
2026-07-26 17:31:31,078 | INFO    | 00_download_data:82 | Building the raw census ...
2026-07-26 17:32:00,295 | INFO    | 00_download_data:100 | Recordings   : 3240
2026-07-26 17:32:00,295 | INFO    | 00_download_data:101 | Normal       : 2575
2026-07-26 17:32:00,296 | INFO    | 00_download_data:102 | Abnormal     : 665 (20.5%)
2026-07-26 17:32:00,296 | INFO    | 00_download_data:104 | Imbalance    : 3.87:1 (normal:abnormal)
2026-07-26 17:32:00,296 | INFO    | 00_download_data:105 | Total audio  : 20.22 h
2026-07-26 17:32:00,296 | INFO    | 00_download_data:106 | Duration     : 5.3-122.0 s (median 20.8 s)
2026-07-26 17:32:00,297 | INFO    | 00_download_data:111 |   training-a: n= 409  abnormal= 71.4%  mean 32.6 s
2026-07-26 17:32:00,297 | INFO    | 00_download_data:111 |   training-b: n= 490  abnormal= 21.2%  mean 8.0 s
2026-07-26 17:32:00,297 | INFO    | 00_download_data:111 |   training-c: n=  31  abnormal= 77.4%  mean 49.4 s
2026-07-26 17:32:00,297 | INFO    | 00_download_data:111 |   training-d: n=  55  abnormal= 50.9%  mean 15.1 s
2026-07-26 17:32:00,297 | INFO    | 00_download_data:111 |   training-e: n=2141  abnormal=  8.5%  mean 23.1 s
2026-07-26 17:32:00,298 | INFO    | 00_download_data:111 |   training-f: n= 114  abnormal= 29.8%  mean 33.1 s
2026-07-26 17:32:02,838 | INFO    | 00_download_data:158 | Summary written to /workspace/apr-heart-sounds/reports/phase_00_download_data/summary.md
